{
    "Empty file output metadata aggregation": {
        "content": [
            {
                "0": [
                    [
                        {
                            "id": "data_object_1"
                        },
                        "metadata.csv:md5,d41d8cd98f00b204e9800998ecf8427e"
                    ]
                ],
                "1": [
                    [
                        {
                            "id": "data_object_1"
                        },
                        "metadata.json:md5,99914b932bd37a50b983c5e7c90ae93b"
                    ]
                ],
                "2": [
                    "versions.yml:md5,c7179ef11646eed9f4262bc31b48d134"
                ],
                "csv": [
                    [
                        {
                            "id": "data_object_1"
                        },
                        "metadata.csv:md5,d41d8cd98f00b204e9800998ecf8427e"
                    ]
                ],
                "json": [
                    [
                        {
                            "id": "data_object_1"
                        },
                        "metadata.json:md5,99914b932bd37a50b983c5e7c90ae93b"
                    ]
                ],
                "versions": [
                    "versions.yml:md5,c7179ef11646eed9f4262bc31b48d134"
                ]
            }
        ],
        "meta": {
            "nf-test": "0.9.2",
            "nextflow": "25.04.4"
        },
        "timestamp": "2025-10-24T14:56:12.941011603"
    },
    ".cram file metadata aggregation": {
        "content": [
            {
                "0": [
                    [
                        {
                            "id": "data_object_1"
                        },
                        "metadata.csv:md5,5ce876650fd0254c50d6c648c171a74c"
                    ]
                ],
                "1": [
                    [
                        {
                            "id": "data_object_1"
                        },
                        "metadata.json:md5,27c3fe81dd965b1ab87d800c9c41bfb4"
                    ]
                ],
                "2": [
                    "versions.yml:md5,c7179ef11646eed9f4262bc31b48d134"
                ],
                "csv": [
                    [
                        {
                            "id": "data_object_1"
                        },
                        "metadata.csv:md5,5ce876650fd0254c50d6c648c171a74c"
                    ]
                ],
                "json": [
                    [
                        {
                            "id": "data_object_1"
                        },
                        "metadata.json:md5,27c3fe81dd965b1ab87d800c9c41bfb4"
                    ]
                ],
                "versions": [
                    "versions.yml:md5,c7179ef11646eed9f4262bc31b48d134"
                ]
            }
        ],
        "meta": {
            "nf-test": "0.9.2",
            "nextflow": "25.04.4"
        },
        "timestamp": "2025-10-24T14:55:40.705342216"
    },
    "Cellranger ARC output metadata aggregation": {
        "content": [
            {
                "0": [
                    [
                        {
                            "id": "data_object_1"
                        },
                        "metadata.csv:md5,46ee296327f314c0cbb380418179fe3b"
                    ]
                ],
                "1": [
                    [
                        {
                            "id": "data_object_1"
                        },
                        "metadata.json:md5,85c49fdb2b6785753d79580d50d0db6c"
                    ]
                ],
                "2": [
                    "versions.yml:md5,c7179ef11646eed9f4262bc31b48d134"
                ],
                "csv": [
                    [
                        {
                            "id": "data_object_1"
                        },
                        "metadata.csv:md5,46ee296327f314c0cbb380418179fe3b"
                    ]
                ],
                "json": [
                    [
                        {
                            "id": "data_object_1"
                        },
                        "metadata.json:md5,85c49fdb2b6785753d79580d50d0db6c"
                    ]
                ],
                "versions": [
                    "versions.yml:md5,c7179ef11646eed9f4262bc31b48d134"
                ]
            }
        ],
        "meta": {
            "nf-test": "0.9.2",
            "nextflow": "25.04.4"
        },
        "timestamp": "2025-10-24T14:43:00.769951028"
    }
}